PS D:\DevOps\PlatformIO\Greenwall\Grow Sensor\Grow Sensor 0.2.x\Grow Sensor 0.2.3> pio run -e d1_mini -t upload --upload-port myesp8266.local

Processing d1_mini (platform: espressif8266; board: d1_mini; framework: arduino)
---------------------------------------------------------------------------------------------------------------------------------------------Verbose mode can be enabled via `-v, --verbose` option
CONFIGURATION: https://docs.platformio.org/page/boards/espressif8266/d1_mini.html
PLATFORM: Espressif 8266 (3.2.0) > WeMos D1 R2 and mini
HARDWARE: ESP8266 80MHz, 80KB RAM, 4MB Flash
PACKAGES:
 - framework-arduinoespressif8266 3.30002.0 (3.0.2)
 - tool-esptool 1.413.0 (4.13)
 - tool-esptoolpy 1.30000.201119 (3.0.0)
 - tool-mklittlefs 1.203.210628 (2.3)
 - tool-mkspiffs 1.200.0 (2.0)
 - toolchain-xtensa 2.100300.210717 (10.3.0)
LDF: Library Dependency Finder -> https://bit.ly/configure-pio-ldf
LDF Modes: Finder ~ chain, Compatibility ~ soft
Found 36 compatible libraries
Scanning dependencies...
Dependency Graph
|-- <AHT10> 1.1.0
|   |-- <Wire> 1.0
|-- <ArduinoOTA> 1.0
|   |-- <ESP8266WiFi> 1.0
|   |-- <ESP8266mDNS> 1.2
|   |   |-- <ESP8266WiFi> 1.0
|-- <ESP8266mDNS> 1.2
|   |-- <ESP8266WiFi> 1.0
|-- <ESP8266WiFi> 1.0
|-- <Wire> 1.0
Building in release mode
Warning! We have just detected `upload_port` as IP address or host name of ESP device. `upload_protocol` is switched to `espota`.
Please specify `upload_protocol = espota` in `platformio.ini` project configuration file.
Retrieving maximum program size .pio\build\d1_mini\firmware.elf
Checking size .pio\build\d1_mini\firmware.elf
Advanced Memory Usage is available via "PlatformIO Home > Project Inspect"
RAM:   [====      ]  36.5% (used 29936 bytes from 81920 bytes)
Flash: [===       ]  31.0% (used 323520 bytes from 1044464 bytes)
Configuring upload protocol...
AVAILABLE: espota, esptool
CURRENT: upload_protocol = esptool
Uploading .pio\build\d1_mini\firmware.bin
11:36:50 [DEBUG]: Options: {'esp_ip': 'myesp8266.local', 'host_ip': '0.0.0.0', 'esp_port': 8266, 'host_port': 51625, 'auth': '', 'image': '.pio\\build\\d1_mini\\firmware.bin', 'spiffs': False, 'debug': True, 'progress': True}
11:36:50 [INFO]: Starting on 0.0.0.0:51625
11:36:50 [INFO]: Upload size: 327680
11:36:50 [INFO]: Sending invitation to: myesp8266.local
11:37:03 [INFO]: Waiting for device...

Uploading: [                                                            ] 0%
Uploading: [                                                            ] 0%
Uploading: [=                                                           ] 0%
Uploading: [=                                                           ] 1% 
Uploading: [=                                                           ] 1%
Uploading: [=                                                           ] 2%
Uploading: [==                                                          ] 2% 
Uploading: [==                                                          ] 3%
Uploading: [==                                                          ] 3% 
Uploading: [==                                                          ] 4% 
Uploading: [===                                                         ] 4% 
Uploading: [===                                                         ] 4%
Uploading: [===                                                         ] 5% 
Uploading: [===                                                         ] 5% 
Uploading: [====                                                        ] 6% 
Uploading: [====                                                        ] 6% 
Uploading: [====                                                        ] 7%
Uploading: [=====                                                       ] 7%
Uploading: [=====                                                       ] 8% 
Uploading: [=====                                                       ] 8% 
Uploading: [=====                                                       ] 8% 
Uploading: [======                                                      ] 9% 
Uploading: [======                                                      ] 9%
Uploading: [======                                                      ] 10% 
Uploading: [======                                                      ] 10%
Uploading: [=======                                                     ] 11%
Uploading: [=======                                                     ] 11% 
Uploading: [=======                                                     ] 12%
Uploading: [=======                                                     ] 12% 
Uploading: [========                                                    ] 12%
Uploading: [========                                                    ] 13%
Uploading: [========                                                    ] 13%
Uploading: [=========                                                   ] 14% 
Uploading: [=========                                                   ] 14%
Uploading: [=========                                                   ] 15% 
Uploading: [=========                                                   ] 15% 
Uploading: [==========                                                  ] 16%
Uploading: [==========                                                  ] 16% 
Uploading: [==========                                                  ] 16%
Uploading: [==========                                                  ] 17% 
Uploading: [===========                                                 ] 17%
Uploading: [===========                                                 ] 18% 
Uploading: [===========                                                 ] 18% 
Uploading: [===========                                                 ] 19%
Uploading: [============                                                ] 19% 
Uploading: [============                                                ] 20% 
Uploading: [============                                                ] 20% 
Uploading: [=============                                               ] 20% 
Uploading: [=============                                               ] 21% 
Uploading: [=============                                               ] 21%
Uploading: [=============                                               ] 22% 
Uploading: [==============                                              ] 22%
Uploading: [==============                                              ] 23% 
Uploading: [==============                                              ] 23% 
Uploading: [==============                                              ] 24%
Uploading: [===============                                             ] 24% 
Uploading: [===============                                             ] 24%
Uploading: [===============                                             ] 25% 
Uploading: [================                                            ] 25%
Uploading: [================                                            ] 26% 
Uploading: [================                                            ] 26%
Uploading: [================                                            ] 27% 
Uploading: [=================                                           ] 27% 
Uploading: [=================                                           ] 28% 
Uploading: [=================                                           ] 28% 
Uploading: [=================                                           ] 28% 
Uploading: [==================                                          ] 29%
Uploading: [==================                                          ] 29% 
Uploading: [==================                                          ] 30% 
Uploading: [==================                                          ] 30%
Uploading: [===================                                         ] 31% 
Uploading: [===================                                         ] 31% 
Uploading: [===================                                         ] 32% 
Uploading: [====================                                        ] 32% 
Uploading: [====================                                        ] 32% 
Uploading: [====================                                        ] 33%
Uploading: [====================                                        ] 33% 
Uploading: [=====================                                       ] 34% 
Uploading: [=====================                                       ] 34%
Uploading: [=====================                                       ] 35% 
Uploading: [=====================                                       ] 35% 
Uploading: [======================                                      ] 36%
Uploading: [======================                                      ] 36% 
Uploading: [======================                                      ] 36% 
Uploading: [======================                                      ] 37% 
Uploading: [=======================                                     ] 37%
Uploading: [=======================                                     ] 38% 
Uploading: [=======================                                     ] 38% 
Uploading: [========================                                    ] 39%
Uploading: [========================                                    ] 39%
Uploading: [========================                                    ] 40% 
Uploading: [========================                                    ] 40% 
Uploading: [=========================                                   ] 40% 
Uploading: [=========================                                   ] 41% 
Uploading: [=========================                                   ] 41%
Uploading: [=========================                                   ] 42% 
Uploading: [==========================                                  ] 42% 
Uploading: [==========================                                  ] 43%
Uploading: [==========================                                  ] 43% 
Uploading: [==========================                                  ] 44% 
Uploading: [===========================                                 ] 44%
Uploading: [===========================                                 ] 45% 
Uploading: [===========================                                 ] 45% 
Uploading: [============================                                ] 45% 
Uploading: [============================                                ] 46% 
Uploading: [============================                                ] 46% 
Uploading: [============================                                ] 47% 
Uploading: [=============================                               ] 47%
Uploading: [=============================                               ] 48% 
Uploading: [=============================                               ] 48%
Uploading: [=============================                               ] 49% 
Uploading: [==============================                              ] 49% 
Uploading: [==============================                              ] 49%
Uploading: [==============================                              ] 50%
Uploading: [==============================                              ] 50% 
Uploading: [===============================                             ] 51% 
Uploading: [===============================                             ] 51%
Uploading: [===============================                             ] 52% 
Uploading: [================================                            ] 52% 
Uploading: [================================                            ] 53% 
Uploading: [================================                            ] 53%
Uploading: [================================                            ] 53% 
Uploading: [=================================                           ] 54% 
Uploading: [=================================                           ] 54%
Uploading: [=================================                           ] 55%
Uploading: [=================================                           ] 55%
Uploading: [==================================                          ] 56% 
Uploading: [==================================                          ] 56% 
Uploading: [==================================                          ] 57% 
Uploading: [==================================                          ] 57% 
Uploading: [===================================                         ] 57%
Uploading: [===================================                         ] 58% 
Uploading: [===================================                         ] 58%
Uploading: [====================================                        ] 59% 
Uploading: [====================================                        ] 59%
Uploading: [====================================                        ] 60% 
Uploading: [====================================                        ] 60% 
Uploading: [=====================================                       ] 61%
Uploading: [=====================================                       ] 61%
Uploading: [=====================================                       ] 61% 
Uploading: [=====================================                       ] 62%
Uploading: [======================================                      ] 62%
Uploading: [======================================                      ] 63% 
Uploading: [======================================                      ] 63%
Uploading: [======================================                      ] 64% 
Uploading: [=======================================                     ] 64% 
Uploading: [=======================================                     ] 65% 
Uploading: [=======================================                     ] 65% 
Uploading: [========================================                    ] 65% 
Uploading: [========================================                    ] 66% 
Uploading: [========================================                    ] 66% 
Uploading: [========================================                    ] 67%
Uploading: [=========================================                   ] 67% 
Uploading: [=========================================                   ] 68% 
Uploading: [=========================================                   ] 68% 
Uploading: [=========================================                   ] 69%
Uploading: [==========================================                  ] 69% 
Uploading: [==========================================                  ] 69% 
Uploading: [==========================================                  ] 70% 
Uploading: [===========================================                 ] 70% 
Uploading: [===========================================                 ] 71% 
Uploading: [===========================================                 ] 71% 
Uploading: [===========================================                 ] 72%
Uploading: [============================================                ] 72% 
Uploading: [============================================                ] 73% 
Uploading: [============================================                ] 73%
Uploading: [============================================                ] 73% 
Uploading: [=============================================               ] 74% 
Uploading: [=============================================               ] 74%
Uploading: [=============================================               ] 75%
Uploading: [=============================================               ] 75% 
Uploading: [==============================================              ] 76% 
Uploading: [==============================================              ] 76% 
Uploading: [==============================================              ] 77%
Uploading: [===============================================             ] 77% 
Uploading: [===============================================             ] 77% 
Uploading: [===============================================             ] 78% 
Uploading: [===============================================             ] 78%
Uploading: [================================================            ] 79% 
Uploading: [================================================            ] 79%
Uploading: [================================================            ] 80%
Uploading: [================================================            ] 80% 
Uploading: [=================================================           ] 81% 
Uploading: [=================================================           ] 81% 
Uploading: [=================================================           ] 81% 
Uploading: [=================================================           ] 82% 
Uploading: [==================================================          ] 82% 
Uploading: [==================================================          ] 83% 
Uploading: [==================================================          ] 83% 
Uploading: [===================================================         ] 84% 
Uploading: [===================================================         ] 84% 
Uploading: [===================================================         ] 85% 
Uploading: [===================================================         ] 85% 
Uploading: [====================================================        ] 85% 
Uploading: [====================================================        ] 86% 
Uploading: [====================================================        ] 86% 
Uploading: [====================================================        ] 87% 
Uploading: [=====================================================       ] 87% 
Uploading: [=====================================================       ] 88% 
Uploading: [=====================================================       ] 88% 
Uploading: [=====================================================       ] 89% 
Uploading: [======================================================      ] 89% 
Uploading: [======================================================      ] 90% 
Uploading: [======================================================      ] 90%
Uploading: [=======================================================     ] 90% 
Uploading: [=======================================================     ] 91% 
Uploading: [=======================================================     ] 91% 
Uploading: [=======================================================     ] 92%
Uploading: [========================================================    ] 92% 
Uploading: [========================================================    ] 93% 
Uploading: [========================================================    ] 93%
Uploading: [========================================================    ] 94% 
Uploading: [=========================================================   ] 94%
Uploading: [=========================================================   ] 94% 
Uploading: [=========================================================   ] 95% 
Uploading: [=========================================================   ] 95% 
Uploading: [==========================================================  ] 96% 
Uploading: [==========================================================  ] 96% 
Uploading: [==========================================================  ] 97%
Uploading: [=========================================================== ] 97% 
Uploading: [=========================================================== ] 98% 
Uploading: [=========================================================== ] 98%
Uploading: [=========================================================== ] 98% 
Uploading: [============================================================] 99% 
Uploading: [============================================================] 99% 
Uploading: [============================================================] 100% Done...


11:37:09 [INFO]: Waiting for result...
11:37:10 [INFO]: Result: OK
======================================================= [SUCCESS] Took 26.03 seconds =======================================================